/home/runner/work/spring-boot-demo/spring-boot-demo/src/test/java/com/hienhoang/springbascis/steps/HomeSteps.java
/home/runner/work/spring-boot-demo/spring-boot-demo/src/test/java/com/hienhoang/springbascis/pages/HomePage.java
/home/runner/work/spring-boot-demo/spring-boot-demo/src/test/java/com/hienhoang/springbascis/pages/MainPage.java
/home/runner/work/spring-boot-demo/spring-boot-demo/src/test/java/com/hienhoang/springbascis/pages/BasePage.java
/home/runner/work/spring-boot-demo/spring-boot-demo/src/test/java/com/hienhoang/springbascis/steps/CucumberTestContextConfig.java
/home/runner/work/spring-boot-demo/spring-boot-demo/src/test/java/com/hienhoang/springbascis/steps/Hooks.java
/home/runner/work/spring-boot-demo/spring-boot-demo/src/test/java/com/hienhoang/springbascis/runner/CucumberTestRunner.java
/home/runner/work/spring-boot-demo/spring-boot-demo/src/test/java/com/hienhoang/springbascis/pages/LoginPage.java
/home/runner/work/spring-boot-demo/spring-boot-demo/src/test/java/com/hienhoang/springbascis/SpringbascisApplicationTests.java
/home/runner/work/spring-boot-demo/spring-boot-demo/src/test/java/com/hienhoang/springbascis/SpringTestNGTest.java
/home/runner/work/spring-boot-demo/spring-boot-demo/src/test/java/com/hienhoang/springbascis/steps/LoginSteps.java
